// Jest Snapshot v1, https://goo.gl/fbAQLP

exports[`matches snapshot 1`] = `
<form
  className="form_container"
  onSubmit={[Function]}
>
  <input
    className="input"
    data-testid="input"
    onChange={[Function]}
    placeholder="Task to be done..."
    type="text"
    value=""
  />
  <button
    className="submit_btn"
    data-testid="button"
    disabled={true}
    type="submit"
  >
    Add
  </button>
</form>
`;
